// Jest Snapshot v1, https://goo.gl/fbAQLP

exports[`test to see if  renders correctly 1`] = `
<footer
  className="app-footer"
>
  <a
    href="#"
  />
  Â© 2017 Bosch IoT Cloud.
  <span
    className="float-right"
  >
    Powered by 
    <a
      href="#"
    >
      Bosch
    </a>
  </span>
</footer>
`;
